---
source: crates/nx-syntax/tests/parser_tests.rs
assertion_line: 372
expression: errors
---
[
    "Expected string_literal here",
]
